npm warn Unknown env config "devdir". This will stop working in the next major version of npm. See `npm help npmrc` for supported config options.

> betacora@0.1.0 build
> next build

▲ Next.js 16.2.9 (Turbopack)
- Environments: .env.local

  Creating an optimized production build ...
✓ Compiled successfully in 15.1s
  Running TypeScript ...
  Finished TypeScript in 10.0s ...
  Collecting page data using 1 worker ...
  Generating static pages using 1 worker (0/11) ...
  Generating static pages using 1 worker (2/11) 
  Generating static pages using 1 worker (5/11) 
  Generating static pages using 1 worker (8/11) 
✓ Generating static pages using 1 worker (11/11) in 462ms
  Finalizing page optimization ...

Route (app)
┌ ○ /
├ ○ /_not-found
├ ƒ /api/config
├ ƒ /api/generate-itinerary
├ ƒ /api/geo/search
├ ƒ /api/share-trip
├ ƒ /api/test-flights
├ ○ /auth
├ ○ /questionnaire
└ ƒ /viaje/[slug]


○  (Static)   prerendered as static content
ƒ  (Dynamic)  server-rendered on demand

